// Jest Snapshot v1, https://goo.gl/fbAQLP

exports[`TodoList renders and matches our snapshot 1`] = `
<div
  className="TodoList"
>
  <div
    className="NewTodo"
  >
    <div
      className="input-group"
    >
      <input
        className="form-control"
        onChange={[Function]}
        placeholder="Input item name here..."
        type="text"
        value=""
      />
      <button
        aria-label={null}
        className="btn btn-primary"
        onClick={[Function]}
        type="button"
      >
        Add
      </button>
    </div>
  </div>
  <div
    className="todo"
  >
    Write some code
    <br />
    <hr
      className="hr"
    />
    <div
      className="btn-group"
      role="group"
    >
      <button
        aria-label={null}
        className="MarkDone btn btn-success"
        onClick={[Function]}
        type="button"
      >
        Mark as Done
      </button>
      <button
        aria-label={null}
        className="RemoveTodo btn btn-warning"
        onClick={[Function]}
        type="button"
      >
        Remove Me
      </button>
      <button
        aria-label={null}
        className="MarkCritical btn btn-danger"
        onClick={[Function]}
        type="button"
      >
        Mark as Critical
      </button>
    </div>
  </div>
  <div
    className="Divider"
  >
    <hr />
  </div>
  <div
    className="todo"
  >
    Change the world
    <br />
    <hr
      className="hr"
    />
    <div
      className="btn-group"
      role="group"
    >
      <button
        aria-label={null}
        className="MarkDone btn btn-success"
        onClick={[Function]}
        type="button"
      >
        Mark as Done
      </button>
      <button
        aria-label={null}
        className="RemoveTodo btn btn-warning"
        onClick={[Function]}
        type="button"
      >
        Remove Me
      </button>
      <button
        aria-label={null}
        className="MarkCritical btn btn-danger"
        onClick={[Function]}
        type="button"
      >
        Mark as Critical
      </button>
    </div>
  </div>
  <div
    className="Divider"
  >
    <hr />
  </div>
  <div
    className="todo"
  >
    Take a nap and Eat a cookie
    <br />
    <hr
      className="hr"
    />
    <div
      className="btn-group"
      role="group"
    >
      <button
        aria-label={null}
        className="MarkDone btn btn-success"
        onClick={[Function]}
        type="button"
      >
        Mark as Done
      </button>
      <button
        aria-label={null}
        className="RemoveTodo btn btn-warning"
        onClick={[Function]}
        type="button"
      >
        Remove Me
      </button>
      <button
        aria-label={null}
        className="MarkCritical btn btn-danger"
        onClick={[Function]}
        type="button"
      >
        Mark as Critical
      </button>
    </div>
  </div>
  <div
    className="Divider"
  >
    <hr />
  </div>
</div>
`;
